Command: /home/guwoh/.espressif/python_env/idf5.5_py3.10_env/bin/python /home/guwoh/esp/esp-idf/tools/idf_monitor.py -p /dev/ttyACM0 -b 115200 --toolchain-prefix xtensa-esp32s3-elf- --target esp32s3 --revision 0 /home/guwoh/Documents/BTL_VXL/SoftWare/mpu_kalmanFilter/build/mpu_kalmanFilter.elf /home/guwoh/Documents/BTL_VXL/SoftWare/mpu_kalmanFilter/build/bootloader/bootloader.elf -m '/home/guwoh/.espressif/python_env/idf5.5_py3.10_env/bin/python' '/home/guwoh/esp/esp-idf/tools/idf.py'
ESP-ROM:esp32s3-20210327
Build:Mar 27 2021
rst:0x15 (USB_UART_CHIP_RESET),boot:0x28 (SPI_FAST_FLASH_BOOT)
Saved PC:0x40048d1c
SPIWP:0xee
mode:DIO, clock div:1
load:0x3fce2820,len:0x158c
load:0x403c8700,len:0xd24
load:0x403cb700,len:0x2f34
entry 0x403c8924
[0;32mI (24) boot: ESP-IDF v5.5.1 2nd stage bootloader[0m
[0;32mI (24) boot: compile time Nov 27 2025 16:11:49[0m
[0;32mI (25) boot: Multicore bootloader[0m
[0;32mI (25) boot: chip revision: v0.2[0m
[0;32mI (28) boot: efuse block revision: v1.3[0m
[0;32mI (31) boot.esp32s3: Boot SPI Speed : 80MHz[0m
[0;32mI (35) boot.esp32s3: SPI Mode       : DIO[0m
[0;32mI (39) boot.esp32s3: SPI Flash Size : 2MB[0m
[0;32mI (43) boot: Enabling RNG early entropy source...[0m
[0;32mI (47) boot: Partition Table:[0m
[0;32mI (50) boot: ## Label            Usage          Type ST Offset   Length[0m
[0;32mI (56) boot:  0 nvs              WiFi data        01 02 00009000 00006000[0m
[0;32mI (62) boot:  1 phy_init         RF data          01 01 0000f000 00001000[0m
[0;32mI (69) boot:  2 factory          factory app      00 00 00010000 00100000[0m
[0;32mI (76) boot: End of partition table[0m
[0;32mI (79) esp_image: segment 0: paddr=00010020 vaddr=3c020020 size=0b5ech ( 46572) map[0m
[0;32mI (94) esp_image: segment 1: paddr=0001b614 vaddr=3fc93900 size=02b08h ( 11016) load[0m
[0;32mI (97) esp_image: segment 2: paddr=0001e124 vaddr=40374000 size=01ef4h (  7924) load[0m
[0;32mI (103) esp_image: segment 3: paddr=00020020 vaddr=42000020 size=1affch (110588) map[0m
[0;32mI (128) esp_image: segment 4: paddr=0003b024 vaddr=40375ef4 size=0d9f8h ( 55800) load[0m
[0;32mI (141) esp_image: segment 5: paddr=00048a24 vaddr=50000000 size=00020h (    32) load[0m
[0;32mI (147) boot: Loaded app from partition at offset 0x10000[0m
[0;32mI (147) boot: Disabling RNG early entropy source...[0m
[0;32mI (158) cpu_start: Multicore app[0m
[0;32mI (167) cpu_start: Pro cpu start user code[0m
[0;32mI (167) cpu_start: cpu freq: 160000000 Hz[0m
[0;32mI (168) app_init: Application information:[0m
[0;32mI (168) app_init: Project name:     mpu_kalmanFilter[0m
[0;32mI (172) app_init: App version:      faffef0-dirty[0m
[0;32mI (177) app_init: Compile time:     Nov 27 2025 16:11:44[0m
[0;32mI (182) app_init: ELF file SHA256:  cfc8201e5...[0m
[0;32mI (186) app_init: ESP-IDF:          v5.5.1[0m
[0;32mI (190) efuse_init: Min chip rev:     v0.0[0m
[0;32mI (194) efuse_init: Max chip rev:     v0.99 [0m
[0;32mI (198) efuse_init: Chip rev:         v0.2[0m
[0;32mI (202) heap_init: Initializing. RAM available for dynamic allocation:[0m
[0;32mI (208) heap_init: At 3FC96CF0 len 00052A20 (330 KiB): RAM[0m
[0;32mI (213) heap_init: At 3FCE9710 len 00005724 (21 KiB): RAM[0m
[0;32mI (218) heap_init: At 3FCF0000 len 00008000 (32 KiB): DRAM[0m
[0;32mI (223) heap_init: At 600FE000 len 00001FE8 (7 KiB): RTCRAM[0m
[0;32mI (230) spi_flash: detected chip: generic[0m
[0;32mI (232) spi_flash: flash io: dio[0m
[0;33mW (235) spi_flash: Detected size(4096k) larger than the size in the binary image header(2048k). Using the size in the binary image header.[0m
[0;33mW (247) i2c: This driver is an old driver, please migrate your application code to adapt `driver/i2c_master.h`[0m
[0;32mI (257) sleep_gpio: Configure to isolate all GPIO pins in sleep state[0m
[0;32mI (264) sleep_gpio: Enable automatic switching of GPIO sleep configuration[0m
[0;32mI (270) main_task: Started on CPU0[0m
[0;32mI (280) main_task: Calling app_main()[0m
--- BAT DAU SO SANH LOC DULIEU ---
Raw_Roll,Kalman_Roll,Raw_SVM,Kalman_SVM
